WARNING: Image format was not specified for 'hello-bootloader/bootloader_binary.bin' and probing guessed raw.
         Automatically detecting the format is dangerous for raw images, write operations on block 0 will be restricted.
         Specify the 'raw' format explicitly to remove the restrictions.
c[?7l[2J[0mSeaBIOS (version rel-1.16.2-0-gea1b7a073390-prebuilt.qemu.org)


iPXE (http://ipxe.org) 00:03.0 CA00 PCI2.10 PnP PMM+06FD11A0+06F311A0 CA00
Press Ctrl-B to configure iPXE (PCI 00:03.0)...                                                                               


Booting from Floppy...
Hello, World